// Jest Snapshot v1, https://goo.gl/fbAQLP

exports[`Modal it matches the snapshot 1`] = `null`;
