// Jest Snapshot v1, https://goo.gl/fbAQLP

exports[`ExtendSession it matches the snapshot 1`] = `
Array [
  <h3
    className="MuiTypography-root-2 MuiTypography-subheading-9 ExtendSession-warningText-1"
  >
    foo
  </h3>,
  <h3
    className="MuiTypography-root-2 MuiTypography-subheading-9 MuiTypography-alignCenter-25"
    style={
      Object {
        "margin": "15px 0 20px 0",
      }
    }
  >
    <strong>
      Time Remaining:
    </strong>
     
    10 seconds
  </h3>,
  <div
    className="MuiGrid-container-38 MuiGrid-spacing-xs-16-61 MuiGrid-justify-xs-center-55"
  >
    <div
      className="MuiGrid-item-39"
    >
      <button
        className="MuiButtonBase-root-161 MuiButton-root-135 MuiButton-contained-146 MuiButton-containedPrimary-147 MuiButton-raised-149 MuiButton-raisedPrimary-150"
        disabled={false}
        onBlur={[Function]}
        onClick={[Function]}
        onContextMenu={[Function]}
        onFocus={[Function]}
        onKeyDown={[Function]}
        onKeyUp={[Function]}
        onMouseDown={[Function]}
        onMouseLeave={[Function]}
        onMouseUp={[Function]}
        onTouchEnd={[Function]}
        onTouchMove={[Function]}
        onTouchStart={[Function]}
        tabIndex="0"
        type="button"
      >
        <span
          className="MuiButton-label-136"
        >
          Extend Session
        </span>
        <span
          className="MuiTouchRipple-root-164"
        />
      </button>
    </div>
    <div
      className="MuiGrid-item-39"
    >
      <button
        className="MuiButtonBase-root-161 MuiButton-root-135 MuiButton-contained-146 MuiButton-raised-149"
        disabled={false}
        onBlur={[Function]}
        onClick={[Function]}
        onContextMenu={[Function]}
        onFocus={[Function]}
        onKeyDown={[Function]}
        onKeyUp={[Function]}
        onMouseDown={[Function]}
        onMouseLeave={[Function]}
        onMouseUp={[Function]}
        onTouchEnd={[Function]}
        onTouchMove={[Function]}
        onTouchStart={[Function]}
        tabIndex="0"
        type="button"
      >
        <span
          className="MuiButton-label-136"
        >
          Logout
        </span>
        <span
          className="MuiTouchRipple-root-164"
        />
      </button>
    </div>
  </div>,
]
`;
